// Vitest Snapshot v1, https://vitest.dev/guide/snapshot.html

exports[`FeatureDescription > matches snapshot 1`] = `
<DocumentFragment>
  <div>
    <h3
      class="text-xl font-semibold mb-2"
    >
      Test Title
    </h3>
    <p
      class="text-gray-600"
    >
      Test Description
    </p>
  </div>
</DocumentFragment>
`;
