// Vitest Snapshot v1, https://vitest.dev/guide/snapshot.html

exports[`PasswordStrengthIndicator > matches snapshot 1`] = `
<DocumentFragment>
  <div
    class="flex items-center text-red-500"
  >
    <svg
      aria-label="X"
      class="lucide lucide-circle-x h-4 w-4 mr-2"
      fill="none"
      height="24"
      stroke="currentColor"
      stroke-linecap="round"
      stroke-linejoin="round"
      stroke-width="2"
      viewBox="0 0 24 24"
      width="24"
      xmlns="http://www.w3.org/2000/svg"
    >
      <circle
        cx="12"
        cy="12"
        r="10"
      />
      <path
        d="m15 9-6 6"
      />
      <path
        d="m9 9 6 6"
      />
    </svg>
    <span
      class="text-sm"
    >
      Test Label
    </span>
  </div>
</DocumentFragment>
`;
